// Jest Snapshot v1, https://goo.gl/fbAQLP

exports[`components > viewers > nearby view renders nothing on a blank page 1`] = `
<IntlProvider
  defaultFormats={Object {}}
  defaultLocale="en-US"
  formats={Object {}}
  locale="en-US"
  messages={Object {}}
  onError={[Function]}
  textComponent={Symbol(react.fragment)}
>
  <Provider
    store={
      Object {
        "clearActions": [Function],
        "dispatch": [Function],
        "getActions": [Function],
        "getState": [Function],
        "replaceReducer": [Function],
        "subscribe": [Function],
      }
    }
  >
    <Connect(NearbyView)>
      <NearbyView
        fetchNearby={[Function]}
        homeTimezone="America/Los_Angeles"
        setHighlightedLocation={[Function]}
        setLocation={[Function]}
        setMainPanelContent={[Function]}
        setViewedNearbyCoords={[Function]}
        viewNearby={[Function]}
        zoomToPlace={[Function]}
      >
        <styled.div
          className="nearby-view base-color-bg"
        >
          <div
            className="sc-cjHJky gCxreI nearby-view base-color-bg"
          >
            <Connect(PageTitle)
              title="components.NearbyView.header"
            >
              <PageTitle
                appTitle=""
                dispatch={[Function]}
                title="components.NearbyView.header"
              />
            </Connect(PageTitle)>
            <styled.ol
              className="base-color-bg"
              style={
                Object {
                  "marginTop": 0,
                }
              }
            >
              <ol
                className="sc-dkaWRx dVfztG base-color-bg"
                style={
                  Object {
                    "marginTop": 0,
                  }
                }
              >
                <div
                  aria-hidden={true}
                />
              </ol>
            </styled.ol>
            <Connect(VehiclePositionRetriever)>
              <VehiclePositionRetriever
                getVehiclePositionsForRoute={[Function]}
                refreshSeconds={30}
              />
            </Connect(VehiclePositionRetriever)>
          </div>
        </styled.div>
      </NearbyView>
    </Connect(NearbyView)>
  </Provider>
</IntlProvider>
`;

exports[`components > viewers > nearby view renders proper scooter dates 1`] = `
<IntlProvider
  defaultFormats={Object {}}
  defaultLocale="en-US"
  formats={Object {}}
  locale="en-US"
  messages={Object {}}
  onError={[Function]}
  textComponent={Symbol(react.fragment)}
>
  <Provider
    store={
      Object {
        "clearActions": [Function],
        "dispatch": [Function],
        "getActions": [Function],
        "getState": [Function],
        "replaceReducer": [Function],
        "subscribe": [Function],
      }
    }
  >
    <Connect(NearbyView)>
      <NearbyView
        fetchNearby={[Function]}
        homeTimezone="America/Los_Angeles"
        setHighlightedLocation={[Function]}
        setLocation={[Function]}
        setMainPanelContent={[Function]}
        setViewedNearbyCoords={[Function]}
        viewNearby={[Function]}
        zoomToPlace={[Function]}
      >
        <styled.div
          className="nearby-view base-color-bg"
        >
          <div
            className="sc-cjHJky gCxreI nearby-view base-color-bg"
          >
            <Connect(PageTitle)
              title="components.NearbyView.header"
            >
              <PageTitle
                appTitle=""
                dispatch={[Function]}
                title="components.NearbyView.header"
              />
            </Connect(PageTitle)>
            <styled.ol
              className="base-color-bg"
              style={
                Object {
                  "marginTop": 0,
                }
              }
            >
              <ol
                className="sc-dkaWRx dVfztG base-color-bg"
                style={
                  Object {
                    "marginTop": 0,
                  }
                }
              >
                <div
                  aria-hidden={true}
                />
              </ol>
            </styled.ol>
            <Connect(VehiclePositionRetriever)>
              <VehiclePositionRetriever
                getVehiclePositionsForRoute={[Function]}
                refreshSeconds={30}
              />
            </Connect(VehiclePositionRetriever)>
          </div>
        </styled.div>
      </NearbyView>
    </Connect(NearbyView)>
  </Provider>
</IntlProvider>
`;
