// Jest Snapshot v1, https://jestjs.io/docs/snapshot-testing

exports[`actions > api routingQuery should gracefully handle bad response 1`] = `
[
  [
    [Function],
  ],
  [
    [Function],
  ],
]
`;

exports[`actions > api routingQuery should make a query to OTP 1`] = `
[
  [
    [Function],
  ],
]
`;
