// Jest Snapshot v1, https://goo.gl/fbAQLP

exports[`lib > reducers > create-user-reducer should be able to create the initial state 1`] = `
Object {
  "accessToken": null,
  "itineraryExistence": null,
  "lastPhoneSmsRequest": Object {
    "number": null,
    "status": null,
    "timestamp": 1970-01-01T00:00:00.000Z,
  },
  "localUser": Object {
    "defaults": Object {
      "bikeSpeed": 3.58,
      "endTime": "09:00",
      "ignoreRealtimeUpdates": false,
      "intermediatePlaces": Array [],
      "maxBikeDistance": 4828,
      "maxBikeTime": 20,
      "maxEScooterDistance": 4828,
      "maxWalkDistance": 1609,
      "maxWalkTime": 15,
      "mode": "WALK,TRANSIT",
      "numItineraries": 3,
      "optimize": "QUICK",
      "optimizeBike": "SAFE",
      "otherThanPreferredRoutesPenalty": 900,
      "routingType": "ITINERARY",
      "showIntermediateStops": true,
      "startTime": "07:00",
      "watts": 250,
      "wheelchair": false,
    },
    "favoriteStops": Array [],
    "recentPlaces": Array [],
    "recentSearches": Array [],
    "savedLocations": Array [],
    "storeTripHistory": false,
  },
  "loggedInUser": null,
  "loggedInUserMonitoredTrips": null,
  "loggedInUserTripRequests": null,
  "pathBeforeSignIn": null,
}
`;
