// Jest Snapshot v1, https://goo.gl/fbAQLP

exports[`lib > reducers > create-otp-reducer should be able to create the initial state 1`] = `
Object {
  "activeSearchId": 0,
  "config": Object {
    "autoPlan": Object {
      "default": "ONE_LOCATION_CHANGED",
      "mobile": "BOTH_LOCATIONS_CHANGED",
    },
    "debouncePlanTimeMs": 0,
    "homeTimezone": "America/Los_Angeles",
    "language": Object {},
    "onTimeThresholdSeconds": 60,
    "phoneFormatOptions": Object {
      "countryCode": "US",
    },
    "realtimeEffectsDisplayThreshold": 120,
    "routingTypes": Array [],
    "stopViewer": Object {
      "showBlockIds": false,
    },
    "transitOperators": Array [],
  },
  "currentQuery": Object {
    "bikeSpeed": 3.58,
    "date": "2019-08-04",
    "departArrive": "NOW",
    "endTime": "09:00",
    "from": null,
    "ignoreRealtimeUpdates": false,
    "intermediatePlaces": Array [],
    "maxBikeDistance": 4828,
    "maxBikeTime": 20,
    "maxEScooterDistance": 4828,
    "maxWalkDistance": 1609,
    "maxWalkTime": 15,
    "mode": "WALK,TRANSIT",
    "numItineraries": 3,
    "optimize": "QUICK",
    "optimizeBike": "SAFE",
    "otherThanPreferredRoutesPenalty": 900,
    "routingType": "ITINERARY",
    "showIntermediateStops": true,
    "startTime": "07:00",
    "time": "19:34",
    "to": null,
    "watts": 250,
    "wheelchair": false,
  },
  "filter": Object {
    "sort": Object {
      "direction": "ASC",
      "type": "BEST",
    },
  },
  "initialUrl": "/",
  "lastActionMillis": 0,
  "location": Object {
    "currentPosition": Object {
      "coords": null,
      "error": null,
      "fetching": false,
    },
    "nearbyStops": Array [],
    "sessionSearches": Array [],
  },
  "modeSettingDefinitions": Array [],
  "overlay": Object {
    "bikeRental": Object {
      "stations": Array [],
    },
    "carRental": Object {
      "stations": Array [],
    },
    "parkAndRide": Object {
      "locations": null,
    },
    "transit": Object {
      "stops": Array [],
    },
    "transitive": null,
    "vehicleRental": Object {
      "stations": Array [],
    },
    "zipcar": Object {
      "locations": Array [],
    },
  },
  "searches": Object {},
  "tnc": Object {
    "etaEstimates": Object {},
    "rideEstimates": Object {},
  },
  "transitIndex": Object {
    "routes": Object {},
    "routesFetchStatus": 0,
    "stops": Object {},
    "trips": Object {},
  },
  "ui": Object {
    "diagramLeg": null,
    "locale": null,
    "localizedMessages": null,
    "mainPanelContent": null,
    "mobileScreen": 1,
    "popup": Object {
      "id": null,
    },
    "printView": false,
    "routeViewer": Object {
      "filter": Object {
        "agency": null,
        "mode": null,
        "search": "",
      },
    },
  },
}
`;
